Archive member included to satisfy reference by file (symbol)

c:/st/stm32cubeide_1.4.0/stm32cubeide/plugins/com.st.stm32cube.ide.mcu.externaltools.gnu-tools-for-stm32.7-2018-q2-update.win32_1.4.0.202007081208/tools/bin/../lib/gcc/arm-none-eabi/7.3.1/../../../../arm-none-eabi/lib/thumb/v7e-m/fpv4-sp/hard\libc_nano.a(lib_a-errno.o)
                              Core/Src/syscalls.o (__errno)
c:/st/stm32cubeide_1.4.0/stm32cubeide/plugins/com.st.stm32cube.ide.mcu.externaltools.gnu-tools-for-stm32.7-2018-q2-update.win32_1.4.0.202007081208/tools/bin/../lib/gcc/arm-none-eabi/7.3.1/../../../../arm-none-eabi/lib/thumb/v7e-m/fpv4-sp/hard\libc_nano.a(lib_a-exit.o)
                              c:/st/stm32cubeide_1.4.0/stm32cubeide/plugins/com.st.stm32cube.ide.mcu.externaltools.gnu-tools-for-stm32.7-2018-q2-update.win32_1.4.0.202007081208/tools/bin/../lib/gcc/arm-none-eabi/7.3.1/../../../../arm-none-eabi/lib/thumb/v7e-m/fpv4-sp/hard/crt0.o (exit)
c:/st/stm32cubeide_1.4.0/stm32cubeide/plugins/com.st.stm32cube.ide.mcu.externaltools.gnu-tools-for-stm32.7-2018-q2-update.win32_1.4.0.202007081208/tools/bin/../lib/gcc/arm-none-eabi/7.3.1/../../../../arm-none-eabi/lib/thumb/v7e-m/fpv4-sp/hard\libc_nano.a(lib_a-impure.o)
                              c:/st/stm32cubeide_1.4.0/stm32cubeide/plugins/com.st.stm32cube.ide.mcu.externaltools.gnu-tools-for-stm32.7-2018-q2-update.win32_1.4.0.202007081208/tools/bin/../lib/gcc/arm-none-eabi/7.3.1/../../../../arm-none-eabi/lib/thumb/v7e-m/fpv4-sp/hard\libc_nano.a(lib_a-exit.o) (_global_impure_ptr)
c:/st/stm32cubeide_1.4.0/stm32cubeide/plugins/com.st.stm32cube.ide.mcu.externaltools.gnu-tools-for-stm32.7-2018-q2-update.win32_1.4.0.202007081208/tools/bin/../lib/gcc/arm-none-eabi/7.3.1/../../../../arm-none-eabi/lib/thumb/v7e-m/fpv4-sp/hard\libc_nano.a(lib_a-init.o)
                              c:/st/stm32cubeide_1.4.0/stm32cubeide/plugins/com.st.stm32cube.ide.mcu.externaltools.gnu-tools-for-stm32.7-2018-q2-update.win32_1.4.0.202007081208/tools/bin/../lib/gcc/arm-none-eabi/7.3.1/../../../../arm-none-eabi/lib/thumb/v7e-m/fpv4-sp/hard/crt0.o (__libc_init_array)
c:/st/stm32cubeide_1.4.0/stm32cubeide/plugins/com.st.stm32cube.ide.mcu.externaltools.gnu-tools-for-stm32.7-2018-q2-update.win32_1.4.0.202007081208/tools/bin/../lib/gcc/arm-none-eabi/7.3.1/../../../../arm-none-eabi/lib/thumb/v7e-m/fpv4-sp/hard\libc_nano.a(lib_a-memset.o)
                              c:/st/stm32cubeide_1.4.0/stm32cubeide/plugins/com.st.stm32cube.ide.mcu.externaltools.gnu-tools-for-stm32.7-2018-q2-update.win32_1.4.0.202007081208/tools/bin/../lib/gcc/arm-none-eabi/7.3.1/../../../../arm-none-eabi/lib/thumb/v7e-m/fpv4-sp/hard/crt0.o (memset)
c:/st/stm32cubeide_1.4.0/stm32cubeide/plugins/com.st.stm32cube.ide.mcu.externaltools.gnu-tools-for-stm32.7-2018-q2-update.win32_1.4.0.202007081208/tools/bin/../lib/gcc/arm-none-eabi/7.3.1/../../../../arm-none-eabi/lib/thumb/v7e-m/fpv4-sp/hard\libc_nano.a(lib_a-strlen.o)
                              Core/Src/main.o (strlen)
c:/st/stm32cubeide_1.4.0/stm32cubeide/plugins/com.st.stm32cube.ide.mcu.externaltools.gnu-tools-for-stm32.7-2018-q2-update.win32_1.4.0.202007081208/tools/bin/../lib/gcc/arm-none-eabi/7.3.1/thumb/v7e-m/fpv4-sp/hard\libgcc.a(_aeabi_uldivmod.o)
                              Drivers/STM32F4xx_HAL_Driver/Src/stm32f4xx_ll_usart.o (__aeabi_uldivmod)
c:/st/stm32cubeide_1.4.0/stm32cubeide/plugins/com.st.stm32cube.ide.mcu.externaltools.gnu-tools-for-stm32.7-2018-q2-update.win32_1.4.0.202007081208/tools/bin/../lib/gcc/arm-none-eabi/7.3.1/thumb/v7e-m/fpv4-sp/hard\libgcc.a(_udivmoddi4.o)
                              c:/st/stm32cubeide_1.4.0/stm32cubeide/plugins/com.st.stm32cube.ide.mcu.externaltools.gnu-tools-for-stm32.7-2018-q2-update.win32_1.4.0.202007081208/tools/bin/../lib/gcc/arm-none-eabi/7.3.1/thumb/v7e-m/fpv4-sp/hard\libgcc.a(_aeabi_uldivmod.o) (__udivmoddi4)
c:/st/stm32cubeide_1.4.0/stm32cubeide/plugins/com.st.stm32cube.ide.mcu.externaltools.gnu-tools-for-stm32.7-2018-q2-update.win32_1.4.0.202007081208/tools/bin/../lib/gcc/arm-none-eabi/7.3.1/thumb/v7e-m/fpv4-sp/hard\libgcc.a(_dvmd_tls.o)
                              c:/st/stm32cubeide_1.4.0/stm32cubeide/plugins/com.st.stm32cube.ide.mcu.externaltools.gnu-tools-for-stm32.7-2018-q2-update.win32_1.4.0.202007081208/tools/bin/../lib/gcc/arm-none-eabi/7.3.1/thumb/v7e-m/fpv4-sp/hard\libgcc.a(_aeabi_uldivmod.o) (__aeabi_ldiv0)

Allocating common symbols
Common symbol       size              file

rx_str              0x100             Core/Src/main.o

Discarded input sections

 .text          0x0000000000000000        0x0 c:/st/stm32cubeide_1.4.0/stm32cubeide/plugins/com.st.stm32cube.ide.mcu.externaltools.gnu-tools-for-stm32.7-2018-q2-update.win32_1.4.0.202007081208/tools/bin/../lib/gcc/arm-none-eabi/7.3.1/thumb/v7e-m/fpv4-sp/hard/crti.o
[...]
Memory Configuration

Name             Origin             Length             Attributes
CCMRAM           0x0000000010000000 0x0000000000010000 xrw
RAM              0x0000000020000000 0x0000000000020000 xrw
FLASH            0x0000000008000000 0x0000000000100000 xr
*default*        0x0000000000000000 0xffffffffffffffff

Linker script and memory map

LOAD c:/st/stm32cubeide_1.4.0/stm32cubeide/plugins/com.st.stm32cube.ide.mcu.externaltools.gnu-tools-for-stm32.7-2018-q2-update.win32_1.4.0.202007081208/tools/bin/../lib/gcc/arm-none-eabi/7.3.1/thumb/v7e-m/fpv4-sp/hard/crti.o
LOAD c:/st/stm32cubeide_1.4.0/stm32cubeide/plugins/com.st.stm32cube.ide.mcu.externaltools.gnu-tools-for-stm32.7-2018-q2-update.win32_1.4.0.202007081208/tools/bin/../lib/gcc/arm-none-eabi/7.3.1/thumb/v7e-m/fpv4-sp/hard/crtbegin.o
LOAD c:/st/stm32cubeide_1.4.0/stm32cubeide/plugins/com.st.stm32cube.ide.mcu.externaltools.gnu-tools-for-stm32.7-2018-q2-update.win32_1.4.0.202007081208/tools/bin/../lib/gcc/arm-none-eabi/7.3.1/../../../../arm-none-eabi/lib/thumb/v7e-m/fpv4-sp/hard/crt0.o
LOAD Core/Src/dma.o
LOAD Core/Src/gpio.o
LOAD Core/Src/main.o
LOAD Core/Src/stm32f4xx_it.o
LOAD Core/Src/syscalls.o
LOAD Core/Src/sysmem.o
LOAD Core/Src/system_stm32f4xx.o
LOAD Core/Src/usart.o
LOAD Core/Startup/startup_stm32f407vgtx.o
LOAD Drivers/STM32F4xx_HAL_Driver/Src/stm32f4xx_ll_dma.o
LOAD Drivers/STM32F4xx_HAL_Driver/Src/stm32f4xx_ll_exti.o
LOAD Drivers/STM32F4xx_HAL_Driver/Src/stm32f4xx_ll_gpio.o
LOAD Drivers/STM32F4xx_HAL_Driver/Src/stm32f4xx_ll_rcc.o
LOAD Drivers/STM32F4xx_HAL_Driver/Src/stm32f4xx_ll_usart.o
LOAD Drivers/STM32F4xx_HAL_Driver/Src/stm32f4xx_ll_utils.o
START GROUP
LOAD c:/st/stm32cubeide_1.4.0/stm32cubeide/plugins/com.st.stm32cube.ide.mcu.externaltools.gnu-tools-for-stm32.7-2018-q2-update.win32_1.4.0.202007081208/tools/bin/../lib/gcc/arm-none-eabi/7.3.1/../../../../arm-none-eabi/lib/thumb/v7e-m/fpv4-sp/hard\libc_nano.a
LOAD c:/st/stm32cubeide_1.4.0/stm32cubeide/plugins/com.st.stm32cube.ide.mcu.externaltools.gnu-tools-for-stm32.7-2018-q2-update.win32_1.4.0.202007081208/tools/bin/../lib/gcc/arm-none-eabi/7.3.1/../../../../arm-none-eabi/lib/thumb/v7e-m/fpv4-sp/hard\libm.a
END GROUP
START GROUP
LOAD c:/st/stm32cubeide_1.4.0/stm32cubeide/plugins/com.st.stm32cube.ide.mcu.externaltools.gnu-tools-for-stm32.7-2018-q2-update.win32_1.4.0.202007081208/tools/bin/../lib/gcc/arm-none-eabi/7.3.1/thumb/v7e-m/fpv4-sp/hard\libgcc.a
LOAD c:/st/stm32cubeide_1.4.0/stm32cubeide/plugins/com.st.stm32cube.ide.mcu.externaltools.gnu-tools-for-stm32.7-2018-q2-update.win32_1.4.0.202007081208/tools/bin/../lib/gcc/arm-none-eabi/7.3.1/../../../../arm-none-eabi/lib/thumb/v7e-m/fpv4-sp/hard\libc_nano.a
END GROUP
START GROUP
LOAD c:/st/stm32cubeide_1.4.0/stm32cubeide/plugins/com.st.stm32cube.ide.mcu.externaltools.gnu-tools-for-stm32.7-2018-q2-update.win32_1.4.0.202007081208/tools/bin/../lib/gcc/arm-none-eabi/7.3.1/thumb/v7e-m/fpv4-sp/hard\libgcc.a
LOAD c:/st/stm32cubeide_1.4.0/stm32cubeide/plugins/com.st.stm32cube.ide.mcu.externaltools.gnu-tools-for-stm32.7-2018-q2-update.win32_1.4.0.202007081208/tools/bin/../lib/gcc/arm-none-eabi/7.3.1/../../../../arm-none-eabi/lib/thumb/v7e-m/fpv4-sp/hard\libc_nano.a
LOAD c:/st/stm32cubeide_1.4.0/stm32cubeide/plugins/com.st.stm32cube.ide.mcu.externaltools.gnu-tools-for-stm32.7-2018-q2-update.win32_1.4.0.202007081208/tools/bin/../lib/gcc/arm-none-eabi/7.3.1/../../../../arm-none-eabi/lib/thumb/v7e-m/fpv4-sp/hard\libnosys.a
END GROUP
START GROUP
LOAD c:/st/stm32cubeide_1.4.0/stm32cubeide/plugins/com.st.stm32cube.ide.mcu.externaltools.gnu-tools-for-stm32.7-2018-q2-update.win32_1.4.0.202007081208/tools/bin/../lib/gcc/arm-none-eabi/7.3.1/thumb/v7e-m/fpv4-sp/hard\libgcc.a
LOAD c:/st/stm32cubeide_1.4.0/stm32cubeide/plugins/com.st.stm32cube.ide.mcu.externaltools.gnu-tools-for-stm32.7-2018-q2-update.win32_1.4.0.202007081208/tools/bin/../lib/gcc/arm-none-eabi/7.3.1/../../../../arm-none-eabi/lib/thumb/v7e-m/fpv4-sp/hard\libc_nano.a
LOAD c:/st/stm32cubeide_1.4.0/stm32cubeide/plugins/com.st.stm32cube.ide.mcu.externaltools.gnu-tools-for-stm32.7-2018-q2-update.win32_1.4.0.202007081208/tools/bin/../lib/gcc/arm-none-eabi/7.3.1/../../../../arm-none-eabi/lib/thumb/v7e-m/fpv4-sp/hard\libnosys.a
END GROUP
LOAD c:/st/stm32cubeide_1.4.0/stm32cubeide/plugins/com.st.stm32cube.ide.mcu.externaltools.gnu-tools-for-stm32.7-2018-q2-update.win32_1.4.0.202007081208/tools/bin/../lib/gcc/arm-none-eabi/7.3.1/thumb/v7e-m/fpv4-sp/hard/crtend.o
LOAD c:/st/stm32cubeide_1.4.0/stm32cubeide/plugins/com.st.stm32cube.ide.mcu.externaltools.gnu-tools-for-stm32.7-2018-q2-update.win32_1.4.0.202007081208/tools/bin/../lib/gcc/arm-none-eabi/7.3.1/thumb/v7e-m/fpv4-sp/hard/crtn.o
                0x0000000020020000                _estack = (ORIGIN (RAM) + LENGTH (RAM))
                0x0000000000000200                _Min_Heap_Size = 0x200
                0x0000000000000400                _Min_Stack_Size = 0x400

.isr_vector     0x0000000008000000      0x188
                0x0000000008000000                . = ALIGN (0x4)
 *(.isr_vector)
 .isr_vector    0x0000000008000000      0x188 Core/Startup/startup_stm32f407vgtx.o
                0x0000000008000000                g_pfnVectors
                0x0000000008000188                . = ALIGN (0x4)

.text           0x0000000008000188     0x1f14
                0x0000000008000188                . = ALIGN (0x4)
 *(.text)
 .text          0x0000000008000188       0x40 c:/st/stm32cubeide_1.4.0/stm32cubeide/plugins/com.st.stm32cube.ide.mcu.externaltools.gnu-tools-for-stm32.7-2018-q2-update.win32_1.4.0.202007081208/tools/bin/../lib/gcc/arm-none-eabi/7.3.1/thumb/v7e-m/fpv4-sp/hard/crtbegin.o
 .text          0x00000000080001c8       0x10 c:/st/stm32cubeide_1.4.0/stm32cubeide/plugins/com.st.stm32cube.ide.mcu.externaltools.gnu-tools-for-stm32.7-2018-q2-update.win32_1.4.0.202007081208/tools/bin/../lib/gcc/arm-none-eabi/7.3.1/../../../../arm-none-eabi/lib/thumb/v7e-m/fpv4-sp/hard\libc_nano.a(lib_a-strlen.o)
                0x00000000080001c8                strlen
 .text          0x00000000080001d8       0x30 c:/st/stm32cubeide_1.4.0/stm32cubeide/plugins/com.st.stm32cube.ide.mcu.externaltools.gnu-tools-for-stm32.7-2018-q2-update.win32_1.4.0.202007081208/tools/bin/../lib/gcc/arm-none-eabi/7.3.1/thumb/v7e-m/fpv4-sp/hard\libgcc.a(_aeabi_uldivmod.o)
                0x00000000080001d8                __aeabi_uldivmod
 .text          0x0000000008000208      0x2cc c:/st/stm32cubeide_1.4.0/stm32cubeide/plugins/com.st.stm32cube.ide.mcu.externaltools.gnu-tools-for-stm32.7-2018-q2-update.win32_1.4.0.202007081208/tools/bin/../lib/gcc/arm-none-eabi/7.3.1/thumb/v7e-m/fpv4-sp/hard\libgcc.a(_udivmoddi4.o)
                0x0000000008000208                __udivmoddi4
 .text          0x00000000080004d4        0x4 c:/st/stm32cubeide_1.4.0/stm32cubeide/plugins/com.st.stm32cube.ide.mcu.externaltools.gnu-tools-for-stm32.7-2018-q2-update.win32_1.4.0.202007081208/tools/bin/../lib/gcc/arm-none-eabi/7.3.1/thumb/v7e-m/fpv4-sp/hard\libgcc.a(_dvmd_tls.o)
                0x00000000080004d4                __aeabi_idiv0
                0x00000000080004d4                __aeabi_ldiv0
 *(.text*)
 .text.__NVIC_GetPriorityGrouping
                0x00000000080004d8       0x1c Core/Src/dma.o
 .text.__NVIC_EnableIRQ
                0x00000000080004f4       0x3c Core/Src/dma.o
 .text.__NVIC_SetPriority
                0x0000000008000530       0x54 Core/Src/dma.o
 .text.NVIC_EncodePriority
                0x0000000008000584       0x66 Core/Src/dma.o
 *fill*         0x00000000080005ea        0x2 
 .text.LL_AHB1_GRP1_EnableClock
                0x00000000080005ec       0x30 Core/Src/dma.o
 .text.MX_DMA_Init
                0x000000000800061c       0x50 Core/Src/dma.o
                0x000000000800061c                MX_DMA_Init
 .text.DMA1_RecieveComplete
                0x000000000800066c       0x18 Core/Src/dma.o
                0x000000000800066c                DMA1_RecieveComplete
 .text.DMA1_TransmitComplete
                0x0000000008000684       0x18 Core/Src/dma.o
                0x0000000008000684                DMA1_TransmitComplete
 .text.LL_AHB1_GRP1_EnableClock
                0x000000000800069c       0x30 Core/Src/gpio.o
 .text.MX_GPIO_Init
                0x00000000080006cc       0x14 Core/Src/gpio.o
                0x00000000080006cc                MX_GPIO_Init
 .text.__NVIC_SetPriorityGrouping
                0x00000000080006e0       0x48 Core/Src/main.o
 .text.LL_DMA_DisableStream
                0x0000000008000728       0x40 Core/Src/main.o
 .text.LL_DMA_GetDataTransferDirection
                0x0000000008000768       0x30 Core/Src/main.o
 .text.LL_DMA_ConfigAddresses
                0x0000000008000798       0x78 Core/Src/main.o
 .text.LL_DMA_ClearFlag_TC5
                0x0000000008000810       0x1c Core/Src/main.o
 .text.LL_DMA_ClearFlag_TC6
                0x000000000800082c       0x1c Core/Src/main.o
 .text.LL_DMA_ClearFlag_TE5
                0x0000000008000848       0x1c Core/Src/main.o
 .text.LL_DMA_ClearFlag_TE6
                0x0000000008000864       0x1c Core/Src/main.o
 .text.LL_DMA_EnableIT_TE
                0x0000000008000880       0x40 Core/Src/main.o
 .text.LL_DMA_EnableIT_TC
                0x00000000080008c0       0x40 Core/Src/main.o
 .text.LL_RCC_HSE_Enable
                0x0000000008000900       0x20 Core/Src/main.o
 .text.LL_RCC_HSE_IsReady
                0x0000000008000920       0x28 Core/Src/main.o
 .text.LL_RCC_SetSysClkSource
                0x0000000008000948       0x28 Core/Src/main.o
 .text.LL_RCC_GetSysClkSource
                0x0000000008000970       0x1c Core/Src/main.o
 .text.LL_RCC_SetAHBPrescaler
                0x000000000800098c       0x28 Core/Src/main.o
 .text.LL_RCC_SetAPB1Prescaler
                0x00000000080009b4       0x28 Core/Src/main.o
 .text.LL_RCC_SetAPB2Prescaler
                0x00000000080009dc       0x28 Core/Src/main.o
 .text.LL_RCC_PLL_Enable
                0x0000000008000a04       0x20 Core/Src/main.o
 .text.LL_RCC_PLL_IsReady
                0x0000000008000a24       0x28 Core/Src/main.o
 .text.LL_RCC_PLL_ConfigDomain_SYS
                0x0000000008000a4c       0x4c Core/Src/main.o
 .text.LL_APB1_GRP1_EnableClock
                0x0000000008000a98       0x30 Core/Src/main.o
 .text.LL_APB2_GRP1_EnableClock
                0x0000000008000ac8       0x30 Core/Src/main.o
 .text.LL_FLASH_SetLatency
                0x0000000008000af8       0x28 Core/Src/main.o
 .text.LL_FLASH_GetLatency
                0x0000000008000b20       0x1c Core/Src/main.o
 .text.LL_PWR_SetRegulVoltageScaling
                0x0000000008000b3c       0x28 Core/Src/main.o
 .text.LL_USART_EnableDMAReq_RX
                0x0000000008000b64       0x20 Core/Src/main.o
 .text.LL_USART_EnableDMAReq_TX
                0x0000000008000b84       0x20 Core/Src/main.o
 .text.LL_USART_DMA_GetRegAddr
                0x0000000008000ba4       0x18 Core/Src/main.o
 .text.main     0x0000000008000bbc      0x10c Core/Src/main.o
                0x0000000008000bbc                main
 .text.SystemClock_Config
                0x0000000008000cc8       0x88 Core/Src/main.o
                0x0000000008000cc8                SystemClock_Config
 .text.LL_DMA_DisableStream
                0x0000000008000d50       0x40 Core/Src/stm32f4xx_it.o
 .text.LL_DMA_IsActiveFlag_TC5
                0x0000000008000d90       0x28 Core/Src/stm32f4xx_it.o
 .text.LL_DMA_IsActiveFlag_TC6
                0x0000000008000db8       0x28 Core/Src/stm32f4xx_it.o
 .text.LL_DMA_IsActiveFlag_TE5
                0x0000000008000de0       0x28 Core/Src/stm32f4xx_it.o
 .text.LL_DMA_IsActiveFlag_TE6
                0x0000000008000e08       0x28 Core/Src/stm32f4xx_it.o
 .text.LL_DMA_ClearFlag_TC5
                0x0000000008000e30       0x1c Core/Src/stm32f4xx_it.o
 .text.LL_DMA_ClearFlag_TC6
                0x0000000008000e4c       0x1c Core/Src/stm32f4xx_it.o
 .text.NMI_Handler
                0x0000000008000e68        0xe Core/Src/stm32f4xx_it.o
                0x0000000008000e68                NMI_Handler
 .text.HardFault_Handler
                0x0000000008000e76        0x6 Core/Src/stm32f4xx_it.o
                0x0000000008000e76                HardFault_Handler
 .text.MemManage_Handler
                0x0000000008000e7c        0x6 Core/Src/stm32f4xx_it.o
                0x0000000008000e7c                MemManage_Handler
 .text.BusFault_Handler
                0x0000000008000e82        0x6 Core/Src/stm32f4xx_it.o
                0x0000000008000e82                BusFault_Handler
 .text.UsageFault_Handler
                0x0000000008000e88        0x6 Core/Src/stm32f4xx_it.o
                0x0000000008000e88                UsageFault_Handler
 .text.SVC_Handler
                0x0000000008000e8e        0xe Core/Src/stm32f4xx_it.o
                0x0000000008000e8e                SVC_Handler
 .text.DebugMon_Handler
                0x0000000008000e9c        0xe Core/Src/stm32f4xx_it.o
                0x0000000008000e9c                DebugMon_Handler
 .text.PendSV_Handler
                0x0000000008000eaa        0xe Core/Src/stm32f4xx_it.o
                0x0000000008000eaa                PendSV_Handler
 .text.SysTick_Handler
                0x0000000008000eb8        0xe Core/Src/stm32f4xx_it.o
                0x0000000008000eb8                SysTick_Handler
 *fill*         0x0000000008000ec6        0x2 
 .text.DMA1_Stream5_IRQHandler
                0x0000000008000ec8       0x40 Core/Src/stm32f4xx_it.o
                0x0000000008000ec8                DMA1_Stream5_IRQHandler
 .text.DMA1_Stream6_IRQHandler
                0x0000000008000f08       0x40 Core/Src/stm32f4xx_it.o
                0x0000000008000f08                DMA1_Stream6_IRQHandler
 .text.SystemInit
                0x0000000008000f48       0x2c Core/Src/system_stm32f4xx.o
                0x0000000008000f48                SystemInit
 .text.LL_DMA_EnableStream
                0x0000000008000f74       0x40 Core/Src/usart.o
 .text.LL_DMA_DisableStream
                0x0000000008000fb4       0x40 Core/Src/usart.o
 .text.LL_DMA_SetDataTransferDirection
                0x0000000008000ff4       0x48 Core/Src/usart.o
 .text.LL_DMA_SetMode
                0x000000000800103c       0x48 Core/Src/usart.o
 .text.LL_DMA_SetPeriphIncMode
                0x0000000008001084       0x48 Core/Src/usart.o
 .text.LL_DMA_SetMemoryIncMode
                0x00000000080010cc       0x48 Core/Src/usart.o
 .text.LL_DMA_SetPeriphSize
                0x0000000008001114       0x48 Core/Src/usart.o
 .text.LL_DMA_SetMemorySize
                0x000000000800115c       0x48 Core/Src/usart.o
 .text.LL_DMA_SetStreamPriorityLevel
                0x00000000080011a4       0x48 Core/Src/usart.o
 .text.LL_DMA_SetDataLength
                0x00000000080011ec       0x48 Core/Src/usart.o
 .text.LL_DMA_SetChannelSelection
                0x0000000008001234       0x48 Core/Src/usart.o
 .text.LL_DMA_DisableFifoMode
                0x000000000800127c       0x40 Core/Src/usart.o
 .text.LL_AHB1_GRP1_EnableClock
                0x00000000080012bc       0x30 Core/Src/usart.o
 .text.LL_APB1_GRP1_EnableClock
                0x00000000080012ec       0x30 Core/Src/usart.o
 .text.LL_USART_Enable
                0x000000000800131c       0x20 Core/Src/usart.o
 .text.LL_USART_ConfigAsyncMode
                0x000000000800133c       0x2c Core/Src/usart.o
 .text.MX_USART2_UART_Init
                0x0000000008001368      0x15c Core/Src/usart.o
                0x0000000008001368                MX_USART2_UART_Init
 .text.USART_BufferTransmit
                0x00000000080014c4       0x48 Core/Src/usart.o
                0x00000000080014c4                USART_BufferTransmit
 .text.USART_BufferRecieve
                0x000000000800150c       0x48 Core/Src/usart.o
                0x000000000800150c                USART_BufferRecieve
 .text.Reset_Handler
                0x0000000008001554       0x50 Core/Startup/startup_stm32f407vgtx.o
                0x0000000008001554                Reset_Handler
 .text.Default_Handler
                0x00000000080015a4        0x2 Core/Startup/startup_stm32f407vgtx.o
                0x00000000080015a4                RTC_Alarm_IRQHandler
                0x00000000080015a4                HASH_RNG_IRQHandler
                0x00000000080015a4                EXTI2_IRQHandler
                0x00000000080015a4                TIM8_CC_IRQHandler
                0x00000000080015a4                TIM1_CC_IRQHandler
                0x00000000080015a4                DMA2_Stream5_IRQHandler
                0x00000000080015a4                PVD_IRQHandler
                0x00000000080015a4                SDIO_IRQHandler
                0x00000000080015a4                TAMP_STAMP_IRQHandler
                0x00000000080015a4                CAN2_RX1_IRQHandler
                0x00000000080015a4                EXTI3_IRQHandler
                0x00000000080015a4                TIM8_TRG_COM_TIM14_IRQHandler
                0x00000000080015a4                TIM1_UP_TIM10_IRQHandler
                0x00000000080015a4                TIM8_UP_TIM13_IRQHandler
                0x00000000080015a4                I2C3_ER_IRQHandler
                0x00000000080015a4                EXTI0_IRQHandler
                0x00000000080015a4                I2C2_EV_IRQHandler
                0x00000000080015a4                DMA1_Stream2_IRQHandler
                0x00000000080015a4                CAN1_RX0_IRQHandler
                0x00000000080015a4                FPU_IRQHandler
                0x00000000080015a4                OTG_HS_WKUP_IRQHandler
                0x00000000080015a4                CAN2_SCE_IRQHandler
                0x00000000080015a4                DMA2_Stream2_IRQHandler
                0x00000000080015a4                SPI1_IRQHandler
                0x00000000080015a4                TIM6_DAC_IRQHandler
                0x00000000080015a4                TIM1_BRK_TIM9_IRQHandler
                0x00000000080015a4                DCMI_IRQHandler
                0x00000000080015a4                CAN2_RX0_IRQHandler
                0x00000000080015a4                DMA2_Stream3_IRQHandler
                0x00000000080015a4                USART6_IRQHandler
                0x00000000080015a4                USART3_IRQHandler
                0x00000000080015a4                CAN1_RX1_IRQHandler
                0x00000000080015a4                UART5_IRQHandler
                0x00000000080015a4                DMA2_Stream0_IRQHandler
                0x00000000080015a4                TIM4_IRQHandler
                0x00000000080015a4                I2C1_EV_IRQHandler
                0x00000000080015a4                DMA1_Stream1_IRQHandler
                0x00000000080015a4                UART4_IRQHandler
                0x00000000080015a4                TIM3_IRQHandler
                0x00000000080015a4                RCC_IRQHandler
                0x00000000080015a4                TIM8_BRK_TIM12_IRQHandler
                0x00000000080015a4                Default_Handler
                0x00000000080015a4                EXTI15_10_IRQHandler
                0x00000000080015a4                ADC_IRQHandler
                0x00000000080015a4                DMA1_Stream7_IRQHandler
                0x00000000080015a4                TIM7_IRQHandler
                0x00000000080015a4                CAN2_TX_IRQHandler
                0x00000000080015a4                TIM5_IRQHandler
                0x00000000080015a4                DMA2_Stream7_IRQHandler
                0x00000000080015a4                I2C3_EV_IRQHandler
                0x00000000080015a4                EXTI9_5_IRQHandler
                0x00000000080015a4                RTC_WKUP_IRQHandler
                0x00000000080015a4                ETH_WKUP_IRQHandler
                0x00000000080015a4                SPI2_IRQHandler
                0x00000000080015a4                OTG_HS_EP1_IN_IRQHandler
                0x00000000080015a4                DMA1_Stream0_IRQHandler
                0x00000000080015a4                CAN1_TX_IRQHandler
                0x00000000080015a4                EXTI4_IRQHandler
                0x00000000080015a4                FSMC_IRQHandler
                0x00000000080015a4                ETH_IRQHandler
                0x00000000080015a4                OTG_HS_EP1_OUT_IRQHandler
                0x00000000080015a4                WWDG_IRQHandler
                0x00000000080015a4                TIM2_IRQHandler
                0x00000000080015a4                OTG_FS_WKUP_IRQHandler
                0x00000000080015a4                TIM1_TRG_COM_TIM11_IRQHandler
                0x00000000080015a4                OTG_HS_IRQHandler
                0x00000000080015a4                EXTI1_IRQHandler
                0x00000000080015a4                USART2_IRQHandler
                0x00000000080015a4                I2C2_ER_IRQHandler
                0x00000000080015a4                DMA2_Stream1_IRQHandler
                0x00000000080015a4                CAN1_SCE_IRQHandler
                0x00000000080015a4                FLASH_IRQHandler
                0x00000000080015a4                DMA2_Stream4_IRQHandler
                0x00000000080015a4                USART1_IRQHandler
                0x00000000080015a4                OTG_FS_IRQHandler
                0x00000000080015a4                SPI3_IRQHandler
                0x00000000080015a4                DMA1_Stream4_IRQHandler
                0x00000000080015a4                I2C1_ER_IRQHandler
                0x00000000080015a4                DMA2_Stream6_IRQHandler
                0x00000000080015a4                DMA1_Stream3_IRQHandler
 .text.LL_GPIO_SetPinMode
                0x00000000080015a6       0x5e Drivers/STM32F4xx_HAL_Driver/Src/stm32f4xx_ll_gpio.o
 .text.LL_GPIO_SetPinOutputType
                0x0000000008001604       0x30 Drivers/STM32F4xx_HAL_Driver/Src/stm32f4xx_ll_gpio.o
 .text.LL_GPIO_SetPinSpeed
                0x0000000008001634       0x5e Drivers/STM32F4xx_HAL_Driver/Src/stm32f4xx_ll_gpio.o
 .text.LL_GPIO_SetPinPull
                0x0000000008001692       0x5e Drivers/STM32F4xx_HAL_Driver/Src/stm32f4xx_ll_gpio.o
 .text.LL_GPIO_SetAFPin_0_7
                0x00000000080016f0       0x5e Drivers/STM32F4xx_HAL_Driver/Src/stm32f4xx_ll_gpio.o
 .text.LL_GPIO_SetAFPin_8_15
                0x000000000800174e       0x62 Drivers/STM32F4xx_HAL_Driver/Src/stm32f4xx_ll_gpio.o
 .text.LL_GPIO_Init
                0x00000000080017b0       0xe6 Drivers/STM32F4xx_HAL_Driver/Src/stm32f4xx_ll_gpio.o
                0x00000000080017b0                LL_GPIO_Init
 *fill*         0x0000000008001896        0x2 
 .text.LL_RCC_GetSysClkSource
                0x0000000008001898       0x1c Drivers/STM32F4xx_HAL_Driver/Src/stm32f4xx_ll_rcc.o
 .text.LL_RCC_GetAHBPrescaler
                0x00000000080018b4       0x1c Drivers/STM32F4xx_HAL_Driver/Src/stm32f4xx_ll_rcc.o
 .text.LL_RCC_GetAPB1Prescaler
                0x00000000080018d0       0x1c Drivers/STM32F4xx_HAL_Driver/Src/stm32f4xx_ll_rcc.o
 .text.LL_RCC_GetAPB2Prescaler
                0x00000000080018ec       0x1c Drivers/STM32F4xx_HAL_Driver/Src/stm32f4xx_ll_rcc.o
 .text.LL_RCC_PLL_GetMainSource
                0x0000000008001908       0x1c Drivers/STM32F4xx_HAL_Driver/Src/stm32f4xx_ll_rcc.o
 .text.LL_RCC_PLL_GetN
                0x0000000008001924       0x1c Drivers/STM32F4xx_HAL_Driver/Src/stm32f4xx_ll_rcc.o
 .text.LL_RCC_PLL_GetP
                0x0000000008001940       0x1c Drivers/STM32F4xx_HAL_Driver/Src/stm32f4xx_ll_rcc.o
 .text.LL_RCC_PLL_GetDivider
                0x000000000800195c       0x1c Drivers/STM32F4xx_HAL_Driver/Src/stm32f4xx_ll_rcc.o
 .text.LL_RCC_GetSystemClocksFreq
                0x0000000008001978       0x4a Drivers/STM32F4xx_HAL_Driver/Src/stm32f4xx_ll_rcc.o
                0x0000000008001978                LL_RCC_GetSystemClocksFreq
 *fill*         0x00000000080019c2        0x2 
 .text.RCC_GetSystemClockFreq
                0x00000000080019c4       0x4c Drivers/STM32F4xx_HAL_Driver/Src/stm32f4xx_ll_rcc.o
                0x00000000080019c4                RCC_GetSystemClockFreq
 .text.RCC_GetHCLKClockFreq
                0x0000000008001a10       0x2c Drivers/STM32F4xx_HAL_Driver/Src/stm32f4xx_ll_rcc.o
                0x0000000008001a10                RCC_GetHCLKClockFreq
 .text.RCC_GetPCLK1ClockFreq
                0x0000000008001a3c       0x28 Drivers/STM32F4xx_HAL_Driver/Src/stm32f4xx_ll_rcc.o
                0x0000000008001a3c                RCC_GetPCLK1ClockFreq
 .text.RCC_GetPCLK2ClockFreq
                0x0000000008001a64       0x28 Drivers/STM32F4xx_HAL_Driver/Src/stm32f4xx_ll_rcc.o
                0x0000000008001a64                RCC_GetPCLK2ClockFreq
 .text.RCC_PLL_GetFreqDomain_SYS
                0x0000000008001a8c       0x7c Drivers/STM32F4xx_HAL_Driver/Src/stm32f4xx_ll_rcc.o
                0x0000000008001a8c                RCC_PLL_GetFreqDomain_SYS
 .text.LL_USART_IsEnabled
                0x0000000008001b08       0x28 Drivers/STM32F4xx_HAL_Driver/Src/stm32f4xx_ll_usart.o
 .text.LL_USART_SetStopBitsLength
                0x0000000008001b30       0x26 Drivers/STM32F4xx_HAL_Driver/Src/stm32f4xx_ll_usart.o
 .text.LL_USART_SetHWFlowCtrl
                0x0000000008001b56       0x26 Drivers/STM32F4xx_HAL_Driver/Src/stm32f4xx_ll_usart.o
 .text.LL_USART_SetBaudRate
                0x0000000008001b7c      0x350 Drivers/STM32F4xx_HAL_Driver/Src/stm32f4xx_ll_usart.o
 .text.LL_USART_Init
                0x0000000008001ecc      0x100 Drivers/STM32F4xx_HAL_Driver/Src/stm32f4xx_ll_usart.o
                0x0000000008001ecc                LL_USART_Init
 .text.LL_InitTick
                0x0000000008001fcc       0x34 Drivers/STM32F4xx_HAL_Driver/Src/stm32f4xx_ll_utils.o
 .text.LL_Init1msTick
                0x0000000008002000       0x1a Drivers/STM32F4xx_HAL_Driver/Src/stm32f4xx_ll_utils.o
                0x0000000008002000                LL_Init1msTick
 *fill*         0x000000000800201a        0x2 
 .text.LL_SetSystemCoreClock
                0x000000000800201c       0x20 Drivers/STM32F4xx_HAL_Driver/Src/stm32f4xx_ll_utils.o
                0x000000000800201c                LL_SetSystemCoreClock
 .text.__libc_init_array
                0x000000000800203c       0x48 c:/st/stm32cubeide_1.4.0/stm32cubeide/plugins/com.st.stm32cube.ide.mcu.externaltools.gnu-tools-for-stm32.7-2018-q2-update.win32_1.4.0.202007081208/tools/bin/../lib/gcc/arm-none-eabi/7.3.1/../../../../arm-none-eabi/lib/thumb/v7e-m/fpv4-sp/hard\libc_nano.a(lib_a-init.o)
                0x000000000800203c                __libc_init_array
 *(.glue_7)
 .glue_7        0x0000000008002084        0x0 linker stubs
 *(.glue_7t)
 .glue_7t       0x0000000008002084        0x0 linker stubs
 *(.eh_frame)
 .eh_frame      0x0000000008002084        0x0 c:/st/stm32cubeide_1.4.0/stm32cubeide/plugins/com.st.stm32cube.ide.mcu.externaltools.gnu-tools-for-stm32.7-2018-q2-update.win32_1.4.0.202007081208/tools/bin/../lib/gcc/arm-none-eabi/7.3.1/thumb/v7e-m/fpv4-sp/hard/crtbegin.o
 *(.init)
 .init          0x0000000008002084        0x4 c:/st/stm32cubeide_1.4.0/stm32cubeide/plugins/com.st.stm32cube.ide.mcu.externaltools.gnu-tools-for-stm32.7-2018-q2-update.win32_1.4.0.202007081208/tools/bin/../lib/gcc/arm-none-eabi/7.3.1/thumb/v7e-m/fpv4-sp/hard/crti.o
                0x0000000008002084                _init
 .init          0x0000000008002088        0x8 c:/st/stm32cubeide_1.4.0/stm32cubeide/plugins/com.st.stm32cube.ide.mcu.externaltools.gnu-tools-for-stm32.7-2018-q2-update.win32_1.4.0.202007081208/tools/bin/../lib/gcc/arm-none-eabi/7.3.1/thumb/v7e-m/fpv4-sp/hard/crtn.o
 *(.fini)
 .fini          0x0000000008002090        0x4 c:/st/stm32cubeide_1.4.0/stm32cubeide/plugins/com.st.stm32cube.ide.mcu.externaltools.gnu-tools-for-stm32.7-2018-q2-update.win32_1.4.0.202007081208/tools/bin/../lib/gcc/arm-none-eabi/7.3.1/thumb/v7e-m/fpv4-sp/hard/crti.o
                0x0000000008002090                _fini
 .fini          0x0000000008002094        0x8 c:/st/stm32cubeide_1.4.0/stm32cubeide/plugins/com.st.stm32cube.ide.mcu.externaltools.gnu-tools-for-stm32.7-2018-q2-update.win32_1.4.0.202007081208/tools/bin/../lib/gcc/arm-none-eabi/7.3.1/thumb/v7e-m/fpv4-sp/hard/crtn.o
                0x000000000800209c                . = ALIGN (0x4)
                0x000000000800209c                _etext = .

.vfp11_veneer   0x000000000800209c        0x0
 .vfp11_veneer  0x000000000800209c        0x0 linker stubs

.v4_bx          0x000000000800209c        0x0
 .v4_bx         0x000000000800209c        0x0 linker stubs

.iplt           0x000000000800209c        0x0
 .iplt          0x000000000800209c        0x0 c:/st/stm32cubeide_1.4.0/stm32cubeide/plugins/com.st.stm32cube.ide.mcu.externaltools.gnu-tools-for-stm32.7-2018-q2-update.win32_1.4.0.202007081208/tools/bin/../lib/gcc/arm-none-eabi/7.3.1/thumb/v7e-m/fpv4-sp/hard/crtbegin.o

.rodata         0x000000000800209c       0x30
                0x000000000800209c                . = ALIGN (0x4)
 *(.rodata)
 *(.rodata*)
 .rodata.STREAM_OFFSET_TAB
                0x000000000800209c        0x8 Core/Src/main.o
 .rodata.STREAM_OFFSET_TAB
                0x00000000080020a4        0x8 Core/Src/stm32f4xx_it.o
 .rodata.AHBPrescTable
                0x00000000080020ac       0x10 Core/Src/system_stm32f4xx.o
                0x00000000080020ac                AHBPrescTable
 .rodata.APBPrescTable
                0x00000000080020bc        0x8 Core/Src/system_stm32f4xx.o
                0x00000000080020bc                APBPrescTable
 .rodata.STREAM_OFFSET_TAB
                0x00000000080020c4        0x8 Core/Src/usart.o
                0x00000000080020cc                . = ALIGN (0x4)

.ARM.extab      0x00000000080020cc        0x0
                0x00000000080020cc                . = ALIGN (0x4)
 *(.ARM.extab* .gnu.linkonce.armextab.*)
                0x00000000080020cc                . = ALIGN (0x4)

.ARM            0x00000000080020cc        0x8
                0x00000000080020cc                . = ALIGN (0x4)
                0x00000000080020cc                __exidx_start = .
 *(.ARM.exidx*)
 .ARM.exidx     0x00000000080020cc        0x8 c:/st/stm32cubeide_1.4.0/stm32cubeide/plugins/com.st.stm32cube.ide.mcu.externaltools.gnu-tools-for-stm32.7-2018-q2-update.win32_1.4.0.202007081208/tools/bin/../lib/gcc/arm-none-eabi/7.3.1/thumb/v7e-m/fpv4-sp/hard\libgcc.a(_udivmoddi4.o)
                0x00000000080020d4                __exidx_end = .
                0x00000000080020d4                . = ALIGN (0x4)

.rel.dyn        0x00000000080020d4        0x0
 .rel.iplt      0x00000000080020d4        0x0 c:/st/stm32cubeide_1.4.0/stm32cubeide/plugins/com.st.stm32cube.ide.mcu.externaltools.gnu-tools-for-stm32.7-2018-q2-update.win32_1.4.0.202007081208/tools/bin/../lib/gcc/arm-none-eabi/7.3.1/thumb/v7e-m/fpv4-sp/hard/crtbegin.o

.preinit_array  0x00000000080020d4        0x0
                0x00000000080020d4                . = ALIGN (0x4)
                0x00000000080020d4                PROVIDE (__preinit_array_start = .)
 *(.preinit_array*)
                0x00000000080020d4                PROVIDE (__preinit_array_end = .)
                0x00000000080020d4                . = ALIGN (0x4)

.init_array     0x00000000080020d4        0x4
                0x00000000080020d4                . = ALIGN (0x4)
                0x00000000080020d4                PROVIDE (__init_array_start = .)
 *(SORT_BY_NAME(.init_array.*))
 *(.init_array*)
 .init_array    0x00000000080020d4        0x4 c:/st/stm32cubeide_1.4.0/stm32cubeide/plugins/com.st.stm32cube.ide.mcu.externaltools.gnu-tools-for-stm32.7-2018-q2-update.win32_1.4.0.202007081208/tools/bin/../lib/gcc/arm-none-eabi/7.3.1/thumb/v7e-m/fpv4-sp/hard/crtbegin.o
                0x00000000080020d8                PROVIDE (__init_array_end = .)
                0x00000000080020d8                . = ALIGN (0x4)

.fini_array     0x00000000080020d8        0x4
                0x00000000080020d8                . = ALIGN (0x4)
                [!provide]                        PROVIDE (__fini_array_start = .)
 *(SORT_BY_NAME(.fini_array.*))
 *(.fini_array*)
 .fini_array    0x00000000080020d8        0x4 c:/st/stm32cubeide_1.4.0/stm32cubeide/plugins/com.st.stm32cube.ide.mcu.externaltools.gnu-tools-for-stm32.7-2018-q2-update.win32_1.4.0.202007081208/tools/bin/../lib/gcc/arm-none-eabi/7.3.1/thumb/v7e-m/fpv4-sp/hard/crtbegin.o
                [!provide]                        PROVIDE (__fini_array_end = .)
                0x00000000080020dc                . = ALIGN (0x4)
                0x00000000080020dc                _sidata = LOADADDR (.data)

.data           0x0000000020000000       0x84 load address 0x00000000080020dc
                0x0000000020000000                . = ALIGN (0x4)
                0x0000000020000000                _sdata = .
 *(.data)
 *(.data*)
 .data.tx_str   0x0000000020000000       0x80 Core/Src/main.o
                0x0000000020000000                tx_str
 .data.SystemCoreClock
                0x0000000020000080        0x4 Core/Src/system_stm32f4xx.o
                0x0000000020000080                SystemCoreClock
                0x0000000020000084                . = ALIGN (0x4)
                0x0000000020000084                _edata = .

.igot.plt       0x0000000020000084        0x0 load address 0x0000000008002160
 .igot.plt      0x0000000020000084        0x0 c:/st/stm32cubeide_1.4.0/stm32cubeide/plugins/com.st.stm32cube.ide.mcu.externaltools.gnu-tools-for-stm32.7-2018-q2-update.win32_1.4.0.202007081208/tools/bin/../lib/gcc/arm-none-eabi/7.3.1/thumb/v7e-m/fpv4-sp/hard/crtbegin.o
                0x0000000020000084                . = ALIGN (0x4)

.bss            0x0000000020000084      0x120 load address 0x0000000008002160
                0x0000000020000084                _sbss = .
                0x0000000020000084                __bss_start__ = _sbss
 *(.bss)
 .bss           0x0000000020000084       0x1c c:/st/stm32cubeide_1.4.0/stm32cubeide/plugins/com.st.stm32cube.ide.mcu.externaltools.gnu-tools-for-stm32.7-2018-q2-update.win32_1.4.0.202007081208/tools/bin/../lib/gcc/arm-none-eabi/7.3.1/thumb/v7e-m/fpv4-sp/hard/crtbegin.o
 *(.bss*)
 .bss.fl_rx     0x00000000200000a0        0x1 Core/Src/main.o
                0x00000000200000a0                fl_rx
 .bss.fl_tx     0x00000000200000a1        0x1 Core/Src/main.o
                0x00000000200000a1                fl_tx
 *(COMMON)
 *fill*         0x00000000200000a2        0x2 
 COMMON         0x00000000200000a4      0x100 Core/Src/main.o
                0x00000000200000a4                rx_str
                0x00000000200001a4                . = ALIGN (0x4)
                0x00000000200001a4                _ebss = .
                0x00000000200001a4                __bss_end__ = _ebss

._user_heap_stack
                0x00000000200001a4      0x604 load address 0x0000000008002160
                0x00000000200001a8                . = ALIGN (0x8)
 *fill*         0x00000000200001a4        0x4 
                [!provide]                        PROVIDE (end = .)
                0x00000000200001a8                PROVIDE (_end = .)
                0x00000000200003a8                . = (. + _Min_Heap_Size)
 *fill*         0x00000000200001a8      0x200 
                0x00000000200007a8                . = (. + _Min_Stack_Size)
 *fill*         0x00000000200003a8      0x400 
                0x00000000200007a8                . = ALIGN (0x8)

/DISCARD/
 libc.a(*)
 libm.a(*)
 libgcc.a(*)

.ARM.attributes
                0x0000000000000000       0x30
 *(.ARM.attributes)
 .ARM.attributes
                0x0000000000000000       0x22 c:/st/stm32cubeide_1.4.0/stm32cubeide/plugins/com.st.stm32cube.ide.mcu.externaltools.gnu-tools-for-stm32.7-2018-q2-update.win32_1.4.0.202007081208/tools/bin/../lib/gcc/arm-none-eabi/7.3.1/thumb/v7e-m/fpv4-sp/hard/crti.o
 .ARM.attributes
                0x0000000000000022       0x34 c:/st/stm32cubeide_1.4.0/stm32cubeide/plugins/com.st.stm32cube.ide.mcu.externaltools.gnu-tools-for-stm32.7-2018-q2-update.win32_1.4.0.202007081208/tools/bin/../lib/gcc/arm-none-eabi/7.3.1/thumb/v7e-m/fpv4-sp/hard/crtbegin.o
 .ARM.attributes
                0x0000000000000056       0x39 Core/Src/dma.o
 .ARM.attributes
                0x000000000000008f       0x39 Core/Src/gpio.o
 .ARM.attributes
                0x00000000000000c8       0x39 Core/Src/main.o
 .ARM.attributes
                0x0000000000000101       0x39 Core/Src/stm32f4xx_it.o
 .ARM.attributes
                0x000000000000013a       0x39 Core/Src/system_stm32f4xx.o
 .ARM.attributes
                0x0000000000000173       0x39 Core/Src/usart.o
 .ARM.attributes
                0x00000000000001ac       0x21 Core/Startup/startup_stm32f407vgtx.o
 .ARM.attributes
                0x00000000000001cd       0x39 Drivers/STM32F4xx_HAL_Driver/Src/stm32f4xx_ll_gpio.o
 .ARM.attributes
                0x0000000000000206       0x39 Drivers/STM32F4xx_HAL_Driver/Src/stm32f4xx_ll_rcc.o
 .ARM.attributes
                0x000000000000023f       0x39 Drivers/STM32F4xx_HAL_Driver/Src/stm32f4xx_ll_usart.o
 .ARM.attributes
                0x0000000000000278       0x39 Drivers/STM32F4xx_HAL_Driver/Src/stm32f4xx_ll_utils.o
 .ARM.attributes
                0x00000000000002b1       0x34 c:/st/stm32cubeide_1.4.0/stm32cubeide/plugins/com.st.stm32cube.ide.mcu.externaltools.gnu-tools-for-stm32.7-2018-q2-update.win32_1.4.0.202007081208/tools/bin/../lib/gcc/arm-none-eabi/7.3.1/../../../../arm-none-eabi/lib/thumb/v7e-m/fpv4-sp/hard\libc_nano.a(lib_a-init.o)
 .ARM.attributes
                0x00000000000002e5       0x1b c:/st/stm32cubeide_1.4.0/stm32cubeide/plugins/com.st.stm32cube.ide.mcu.externaltools.gnu-tools-for-stm32.7-2018-q2-update.win32_1.4.0.202007081208/tools/bin/../lib/gcc/arm-none-eabi/7.3.1/../../../../arm-none-eabi/lib/thumb/v7e-m/fpv4-sp/hard\libc_nano.a(lib_a-strlen.o)
 .ARM.attributes
                0x0000000000000300       0x22 c:/st/stm32cubeide_1.4.0/stm32cubeide/plugins/com.st.stm32cube.ide.mcu.externaltools.gnu-tools-for-stm32.7-2018-q2-update.win32_1.4.0.202007081208/tools/bin/../lib/gcc/arm-none-eabi/7.3.1/thumb/v7e-m/fpv4-sp/hard\libgcc.a(_aeabi_uldivmod.o)
 .ARM.attributes
                0x0000000000000322       0x34 c:/st/stm32cubeide_1.4.0/stm32cubeide/plugins/com.st.stm32cube.ide.mcu.externaltools.gnu-tools-for-stm32.7-2018-q2-update.win32_1.4.0.202007081208/tools/bin/../lib/gcc/arm-none-eabi/7.3.1/thumb/v7e-m/fpv4-sp/hard\libgcc.a(_udivmoddi4.o)
 .ARM.attributes
                0x0000000000000356       0x22 c:/st/stm32cubeide_1.4.0/stm32cubeide/plugins/com.st.stm32cube.ide.mcu.externaltools.gnu-tools-for-stm32.7-2018-q2-update.win32_1.4.0.202007081208/tools/bin/../lib/gcc/arm-none-eabi/7.3.1/thumb/v7e-m/fpv4-sp/hard\libgcc.a(_dvmd_tls.o)
 .ARM.attributes
                0x0000000000000378       0x22 c:/st/stm32cubeide_1.4.0/stm32cubeide/plugins/com.st.stm32cube.ide.mcu.externaltools.gnu-tools-for-stm32.7-2018-q2-update.win32_1.4.0.202007081208/tools/bin/../lib/gcc/arm-none-eabi/7.3.1/thumb/v7e-m/fpv4-sp/hard/crtn.o
OUTPUT(LL_USART_DMA.elf elf32-littlearm)

.debug_info     0x0000000000000000     0x532f
 .debug_info    0x0000000000000000      0x92e Core/Src/dma.o
 .debug_info    0x000000000000092e      0x316 Core/Src/gpio.o
 .debug_info    0x0000000000000c44     0x1397 Core/Src/main.o
 .debug_info    0x0000000000001fdb      0x3bc Core/Src/stm32f4xx_it.o
 .debug_info    0x0000000000002397      0x4fb Core/Src/system_stm32f4xx.o
 .debug_info    0x0000000000002892      0x9dd Core/Src/usart.o
 .debug_info    0x000000000000326f       0x22 Core/Startup/startup_stm32f407vgtx.o
 .debug_info    0x0000000000003291      0x8c2 Drivers/STM32F4xx_HAL_Driver/Src/stm32f4xx_ll_gpio.o
 .debug_info    0x0000000000003b53      0x7a6 Drivers/STM32F4xx_HAL_Driver/Src/stm32f4xx_ll_rcc.o
 .debug_info    0x00000000000042f9      0x751 Drivers/STM32F4xx_HAL_Driver/Src/stm32f4xx_ll_usart.o
 .debug_info    0x0000000000004a4a      0x8e5 Drivers/STM32F4xx_HAL_Driver/Src/stm32f4xx_ll_utils.o

.debug_abbrev   0x0000000000000000     0x10be
 .debug_abbrev  0x0000000000000000      0x1b2 Core/Src/dma.o
 .debug_abbrev  0x00000000000001b2      0x10f Core/Src/gpio.o
 .debug_abbrev  0x00000000000002c1      0x26e Core/Src/main.o
 .debug_abbrev  0x000000000000052f      0x153 Core/Src/stm32f4xx_it.o
 .debug_abbrev  0x0000000000000682      0x111 Core/Src/system_stm32f4xx.o
 .debug_abbrev  0x0000000000000793      0x16c Core/Src/usart.o
 .debug_abbrev  0x00000000000008ff       0x12 Core/Startup/startup_stm32f407vgtx.o
 .debug_abbrev  0x0000000000000911      0x212 Drivers/STM32F4xx_HAL_Driver/Src/stm32f4xx_ll_gpio.o
 .debug_abbrev  0x0000000000000b23      0x1d2 Drivers/STM32F4xx_HAL_Driver/Src/stm32f4xx_ll_rcc.o
 .debug_abbrev  0x0000000000000cf5      0x1c9 Drivers/STM32F4xx_HAL_Driver/Src/stm32f4xx_ll_usart.o
 .debug_abbrev  0x0000000000000ebe      0x200 Drivers/STM32F4xx_HAL_Driver/Src/stm32f4xx_ll_utils.o

.debug_aranges  0x0000000000000000      0x640
 .debug_aranges
                0x0000000000000000       0x58 Core/Src/dma.o
 .debug_aranges
                0x0000000000000058       0x28 Core/Src/gpio.o
 .debug_aranges
                0x0000000000000080      0x110 Core/Src/main.o
 .debug_aranges
                0x0000000000000190       0xa8 Core/Src/stm32f4xx_it.o
 .debug_aranges
                0x0000000000000238       0x28 Core/Src/system_stm32f4xx.o
 .debug_aranges
                0x0000000000000260       0xb0 Core/Src/usart.o
 .debug_aranges
                0x0000000000000310       0x28 Core/Startup/startup_stm32f407vgtx.o
 .debug_aranges
                0x0000000000000338       0x70 Drivers/STM32F4xx_HAL_Driver/Src/stm32f4xx_ll_gpio.o
 .debug_aranges
                0x00000000000003a8      0x118 Drivers/STM32F4xx_HAL_Driver/Src/stm32f4xx_ll_rcc.o
 .debug_aranges
                0x00000000000004c0       0x88 Drivers/STM32F4xx_HAL_Driver/Src/stm32f4xx_ll_usart.o
 .debug_aranges
                0x0000000000000548       0xf8 Drivers/STM32F4xx_HAL_Driver/Src/stm32f4xx_ll_utils.o

.debug_ranges   0x0000000000000000      0x598
 .debug_ranges  0x0000000000000000       0x48 Core/Src/dma.o
 .debug_ranges  0x0000000000000048       0x18 Core/Src/gpio.o
 .debug_ranges  0x0000000000000060      0x100 Core/Src/main.o
 .debug_ranges  0x0000000000000160       0x98 Core/Src/stm32f4xx_it.o
 .debug_ranges  0x00000000000001f8       0x18 Core/Src/system_stm32f4xx.o
 .debug_ranges  0x0000000000000210       0xa0 Core/Src/usart.o
 .debug_ranges  0x00000000000002b0       0x20 Core/Startup/startup_stm32f407vgtx.o
 .debug_ranges  0x00000000000002d0       0x60 Drivers/STM32F4xx_HAL_Driver/Src/stm32f4xx_ll_gpio.o
 .debug_ranges  0x0000000000000330      0x108 Drivers/STM32F4xx_HAL_Driver/Src/stm32f4xx_ll_rcc.o
 .debug_ranges  0x0000000000000438       0x78 Drivers/STM32F4xx_HAL_Driver/Src/stm32f4xx_ll_usart.o
 .debug_ranges  0x00000000000004b0       0xe8 Drivers/STM32F4xx_HAL_Driver/Src/stm32f4xx_ll_utils.o

.debug_macro    0x0000000000000000    0x1b444
 .debug_macro   0x0000000000000000      0x147 Core/Src/dma.o
 .debug_macro   0x0000000000000147      0xa9c Core/Src/dma.o
 .debug_macro   0x0000000000000be3       0x2e Core/Src/dma.o
 .debug_macro   0x0000000000000c11       0x2f Core/Src/dma.o
 .debug_macro   0x0000000000000c40       0x22 Core/Src/dma.o
 .debug_macro   0x0000000000000c62       0x8e Core/Src/dma.o
 .debug_macro   0x0000000000000cf0       0x51 Core/Src/dma.o
 .debug_macro   0x0000000000000d41       0xef Core/Src/dma.o
 .debug_macro   0x0000000000000e30       0x6a Core/Src/dma.o
 .debug_macro   0x0000000000000e9a      0x1df Core/Src/dma.o
 .debug_macro   0x0000000000001079       0x1c Core/Src/dma.o
 .debug_macro   0x0000000000001095       0x22 Core/Src/dma.o
 .debug_macro   0x00000000000010b7       0xdf Core/Src/dma.o
 .debug_macro   0x0000000000001196     0x102d Core/Src/dma.o
 .debug_macro   0x00000000000021c3      0x11f Core/Src/dma.o
 .debug_macro   0x00000000000022e2    0x15e3c Core/Src/dma.o
 .debug_macro   0x000000000001811e       0x43 Core/Src/dma.o
 .debug_macro   0x0000000000018161      0x1e0 Core/Src/dma.o
 .debug_macro   0x0000000000018341      0x781 Core/Src/dma.o
 .debug_macro   0x0000000000018ac2      0x1d5 Core/Src/dma.o
 .debug_macro   0x0000000000018c97      0x20a Core/Src/dma.o
 .debug_macro   0x0000000000018ea1       0xe8 Core/Src/dma.o
 .debug_macro   0x0000000000018f89      0x1a8 Core/Src/dma.o
 .debug_macro   0x0000000000019131       0x61 Core/Src/dma.o
 .debug_macro   0x0000000000019192       0xab Core/Src/dma.o
 .debug_macro   0x000000000001923d      0x1bb Core/Src/dma.o
 .debug_macro   0x00000000000193f8      0x149 Core/Src/dma.o
 .debug_macro   0x0000000000019541       0x22 Core/Src/dma.o
 .debug_macro   0x0000000000019563      0x147 Core/Src/gpio.o
 .debug_macro   0x00000000000196aa      0x225 Core/Src/main.o
 .debug_macro   0x00000000000198cf       0x46 Core/Src/main.o
 .debug_macro   0x0000000000019915       0x18 Core/Src/main.o
 .debug_macro   0x000000000001992d       0x3c Core/Src/main.o
 .debug_macro   0x0000000000019969       0x34 Core/Src/main.o
 .debug_macro   0x000000000001999d      0x174 Core/Src/main.o
 .debug_macro   0x0000000000019b11       0x52 Core/Src/main.o
 .debug_macro   0x0000000000019b63       0x1f Core/Src/main.o
 .debug_macro   0x0000000000019b82       0x43 Core/Src/main.o
 .debug_macro   0x0000000000019bc5       0x20 Core/Src/main.o
 .debug_macro   0x0000000000019be5      0x1a3 Core/Src/main.o
 .debug_macro   0x0000000000019d88      0x32a Core/Src/main.o
 .debug_macro   0x000000000001a0b2       0x10 Core/Src/main.o
 .debug_macro   0x000000000001a0c2       0x35 Core/Src/main.o
 .debug_macro   0x000000000001a0f7       0x20 Core/Src/main.o
 .debug_macro   0x000000000001a117      0x147 Core/Src/stm32f4xx_it.o
 .debug_macro   0x000000000001a25e       0xd4 Core/Src/system_stm32f4xx.o
 .debug_macro   0x000000000001a332      0x147 Core/Src/usart.o
 .debug_macro   0x000000000001a479      0x110 Drivers/STM32F4xx_HAL_Driver/Src/stm32f4xx_ll_gpio.o
 .debug_macro   0x000000000001a589      0x143 Drivers/STM32F4xx_HAL_Driver/Src/stm32f4xx_ll_gpio.o
 .debug_macro   0x000000000001a6cc       0xfb Drivers/STM32F4xx_HAL_Driver/Src/stm32f4xx_ll_rcc.o
 .debug_macro   0x000000000001a7c7      0x77b Drivers/STM32F4xx_HAL_Driver/Src/stm32f4xx_ll_rcc.o
 .debug_macro   0x000000000001af42      0x143 Drivers/STM32F4xx_HAL_Driver/Src/stm32f4xx_ll_usart.o
 .debug_macro   0x000000000001b085      0x1b5 Drivers/STM32F4xx_HAL_Driver/Src/stm32f4xx_ll_usart.o
 .debug_macro   0x000000000001b23a      0x1af Drivers/STM32F4xx_HAL_Driver/Src/stm32f4xx_ll_utils.o
 .debug_macro   0x000000000001b3e9       0x5b Drivers/STM32F4xx_HAL_Driver/Src/stm32f4xx_ll_utils.o

.debug_line     0x0000000000000000     0x4480
 .debug_line    0x0000000000000000      0x631 Core/Src/dma.o
 .debug_line    0x0000000000000631      0x595 Core/Src/gpio.o
 .debug_line    0x0000000000000bc6      0x9b3 Core/Src/main.o
 .debug_line    0x0000000000001579      0x6f3 Core/Src/stm32f4xx_it.o
 .debug_line    0x0000000000001c6c      0x486 Core/Src/system_stm32f4xx.o
 .debug_line    0x00000000000020f2      0x71f Core/Src/usart.o
 .debug_line    0x0000000000002811       0x85 Core/Startup/startup_stm32f407vgtx.o
 .debug_line    0x0000000000002896      0x67c Drivers/STM32F4xx_HAL_Driver/Src/stm32f4xx_ll_gpio.o
 .debug_line    0x0000000000002f12      0x76f Drivers/STM32F4xx_HAL_Driver/Src/stm32f4xx_ll_rcc.o
 .debug_line    0x0000000000003681      0x630 Drivers/STM32F4xx_HAL_Driver/Src/stm32f4xx_ll_usart.o
 .debug_line    0x0000000000003cb1      0x7cf Drivers/STM32F4xx_HAL_Driver/Src/stm32f4xx_ll_utils.o

.debug_str      0x0000000000000000    0x98547
 .debug_str     0x0000000000000000    0x920a9 Core/Src/dma.o
                                      0x9228e (size before relaxing)
 .debug_str     0x00000000000920a9       0x2a Core/Src/gpio.o
                                      0x91c1d (size before relaxing)
 .debug_str     0x00000000000920d3     0x3554 Core/Src/main.o
                                      0x952f5 (size before relaxing)
 .debug_str     0x0000000000095627      0x14d Core/Src/stm32f4xx_it.o
                                      0x91cab (size before relaxing)
 .debug_str     0x0000000000095774       0x70 Core/Src/system_stm32f4xx.o
                                      0x87cef (size before relaxing)
 .debug_str     0x00000000000957e4      0x26c Core/Src/usart.o
                                      0x91f6a (size before relaxing)
 .debug_str     0x0000000000095a50       0x36 Core/Startup/startup_stm32f407vgtx.o
                                         0x62 (size before relaxing)
 .debug_str     0x0000000000095a86      0x6b1 Drivers/STM32F4xx_HAL_Driver/Src/stm32f4xx_ll_gpio.o
                                      0x89726 (size before relaxing)
 .debug_str     0x0000000000096137      0x536 Drivers/STM32F4xx_HAL_Driver/Src/stm32f4xx_ll_rcc.o
                                      0x8c1fc (size before relaxing)
 .debug_str     0x000000000009666d      0x889 Drivers/STM32F4xx_HAL_Driver/Src/stm32f4xx_ll_usart.o
                                      0x8e08d (size before relaxing)
 .debug_str     0x0000000000096ef6     0x1651 Drivers/STM32F4xx_HAL_Driver/Src/stm32f4xx_ll_utils.o
                                      0x8e980 (size before relaxing)

.comment        0x0000000000000000       0x7b
 .comment       0x0000000000000000       0x7b Core/Src/dma.o
                                         0x7c (size before relaxing)
 .comment       0x000000000000007b       0x7c Core/Src/gpio.o
 .comment       0x000000000000007b       0x7c Core/Src/main.o
 .comment       0x000000000000007b       0x7c Core/Src/stm32f4xx_it.o
 .comment       0x000000000000007b       0x7c Core/Src/system_stm32f4xx.o
 .comment       0x000000000000007b       0x7c Core/Src/usart.o
 .comment       0x000000000000007b       0x7c Drivers/STM32F4xx_HAL_Driver/Src/stm32f4xx_ll_gpio.o
 .comment       0x000000000000007b       0x7c Drivers/STM32F4xx_HAL_Driver/Src/stm32f4xx_ll_rcc.o
 .comment       0x000000000000007b       0x7c Drivers/STM32F4xx_HAL_Driver/Src/stm32f4xx_ll_usart.o
 .comment       0x000000000000007b       0x7c Drivers/STM32F4xx_HAL_Driver/Src/stm32f4xx_ll_utils.o

.debug_frame    0x0000000000000000     0x18b8
 .debug_frame   0x0000000000000000      0x12c Core/Src/dma.o
 .debug_frame   0x000000000000012c       0x54 Core/Src/gpio.o
 .debug_frame   0x0000000000000180      0x4a0 Core/Src/main.o
 .debug_frame   0x0000000000000620      0x260 Core/Src/stm32f4xx_it.o
 .debug_frame   0x0000000000000880       0x58 Core/Src/system_stm32f4xx.o
 .debug_frame   0x00000000000008d8      0x2fc Core/Src/usart.o
 .debug_frame   0x0000000000000bd4      0x1c0 Drivers/STM32F4xx_HAL_Driver/Src/stm32f4xx_ll_gpio.o
 .debug_frame   0x0000000000000d94      0x460 Drivers/STM32F4xx_HAL_Driver/Src/stm32f4xx_ll_rcc.o
 .debug_frame   0x00000000000011f4      0x240 Drivers/STM32F4xx_HAL_Driver/Src/stm32f4xx_ll_usart.o
 .debug_frame   0x0000000000001434      0x3f8 Drivers/STM32F4xx_HAL_Driver/Src/stm32f4xx_ll_utils.o
 .debug_frame   0x000000000000182c       0x2c c:/st/stm32cubeide_1.4.0/stm32cubeide/plugins/com.st.stm32cube.ide.mcu.externaltools.gnu-tools-for-stm32.7-2018-q2-update.win32_1.4.0.202007081208/tools/bin/../lib/gcc/arm-none-eabi/7.3.1/../../../../arm-none-eabi/lib/thumb/v7e-m/fpv4-sp/hard\libc_nano.a(lib_a-init.o)
 .debug_frame   0x0000000000001858       0x2c c:/st/stm32cubeide_1.4.0/stm32cubeide/plugins/com.st.stm32cube.ide.mcu.externaltools.gnu-tools-for-stm32.7-2018-q2-update.win32_1.4.0.202007081208/tools/bin/../lib/gcc/arm-none-eabi/7.3.1/thumb/v7e-m/fpv4-sp/hard\libgcc.a(_aeabi_uldivmod.o)
 .debug_frame   0x0000000000001884       0x34 c:/st/stm32cubeide_1.4.0/stm32cubeide/plugins/com.st.stm32cube.ide.mcu.externaltools.gnu-tools-for-stm32.7-2018-q2-update.win32_1.4.0.202007081208/tools/bin/../lib/gcc/arm-none-eabi/7.3.1/thumb/v7e-m/fpv4-sp/hard\libgcc.a(_udivmoddi4.o)
