core_cm4.h:1657:22:__NVIC_SetPriorityGrouping	24	static
stm32f4xx_ll_dma.h:505:22:LL_DMA_DisableStream	16	static
stm32f4xx_ll_dma.h:609:26:LL_DMA_GetDataTransferDirection	16	static
stm32f4xx_ll_dma.h:1393:22:LL_DMA_ConfigAddresses	24	static
stm32f4xx_ll_dma.h:2223:22:LL_DMA_ClearFlag_TC5	16	static
stm32f4xx_ll_dma.h:2234:22:LL_DMA_ClearFlag_TC6	16	static
stm32f4xx_ll_dma.h:2311:22:LL_DMA_ClearFlag_TE5	16	static
stm32f4xx_ll_dma.h:2322:22:LL_DMA_ClearFlag_TE6	16	static
stm32f4xx_ll_dma.h:2557:22:LL_DMA_EnableIT_TE	16	static
stm32f4xx_ll_dma.h:2577:22:LL_DMA_EnableIT_TC	16	static
stm32f4xx_ll_rcc.h:2951:22:LL_RCC_HSE_Enable	4	static
stm32f4xx_ll_rcc.h:2971:26:LL_RCC_HSE_IsReady	4	static
stm32f4xx_ll_rcc.h:3190:22:LL_RCC_SetSysClkSource	16	static
stm32f4xx_ll_rcc.h:3206:26:LL_RCC_GetSysClkSource	4	static
stm32f4xx_ll_rcc.h:3226:22:LL_RCC_SetAHBPrescaler	16	static
stm32f4xx_ll_rcc.h:3242:22:LL_RCC_SetAPB1Prescaler	16	static
stm32f4xx_ll_rcc.h:3258:22:LL_RCC_SetAPB2Prescaler	16	static
stm32f4xx_ll_rcc.h:4186:22:LL_RCC_PLL_Enable	4	static
stm32f4xx_ll_rcc.h:4207:26:LL_RCC_PLL_IsReady	4	static
stm32f4xx_ll_rcc.h:4306:22:LL_RCC_PLL_ConfigDomain_SYS	24	static
stm32f4xx_ll_bus.h:1187:22:LL_APB1_GRP1_EnableClock	24	static
stm32f4xx_ll_bus.h:1706:22:LL_APB2_GRP1_EnableClock	24	static
stm32f4xx_ll_system.h:1542:22:LL_FLASH_SetLatency	16	static
stm32f4xx_ll_system.h:1568:26:LL_FLASH_GetLatency	4	static
stm32f4xx_ll_pwr.h:507:22:LL_PWR_SetRegulVoltageScaling	16	static
stm32f4xx_ll_usart.h:2315:22:LL_USART_EnableDMAReq_RX	16	static
stm32f4xx_ll_usart.h:2348:22:LL_USART_EnableDMAReq_TX	16	static
stm32f4xx_ll_usart.h:2382:26:LL_USART_DMA_GetRegAddr	16	static
main.c:70:5:main	24	static
main.c:146:6:SystemClock_Config	8	static
main.c:190:6:Error_Handler	4	static
