stm32f4xx_ll_dma.h:505:22:LL_DMA_DisableStream	16	static
stm32f4xx_ll_dma.h:1783:26:LL_DMA_IsActiveFlag_TC5	16	static
stm32f4xx_ll_dma.h:1794:26:LL_DMA_IsActiveFlag_TC6	16	static
stm32f4xx_ll_dma.h:1871:26:LL_DMA_IsActiveFlag_TE5	16	static
stm32f4xx_ll_dma.h:1882:26:LL_DMA_IsActiveFlag_TE6	16	static
stm32f4xx_ll_dma.h:2223:22:LL_DMA_ClearFlag_TC5	16	static
stm32f4xx_ll_dma.h:2234:22:LL_DMA_ClearFlag_TC6	16	static
stm32f4xx_it.c:71:6:NMI_Handler	4	static
stm32f4xx_it.c:84:6:HardFault_Handler	4	static
stm32f4xx_it.c:99:6:MemManage_Handler	4	static
stm32f4xx_it.c:114:6:BusFault_Handler	4	static
stm32f4xx_it.c:129:6:UsageFault_Handler	4	static
stm32f4xx_it.c:144:6:SVC_Handler	4	static
stm32f4xx_it.c:157:6:DebugMon_Handler	4	static
stm32f4xx_it.c:170:6:PendSV_Handler	4	static
stm32f4xx_it.c:183:6:SysTick_Handler	4	static
stm32f4xx_it.c:204:6:DMA1_Stream5_IRQHandler	8	static
stm32f4xx_it.c:229:6:DMA1_Stream6_IRQHandler	8	static
